Script started on 2023-09-23 01:05:44-04:00
1)
bash-4.4$ mkdir Assignment1
bash-4.4$ cd Assignment1


2)
bash-4.4$ echo $SHELL
/bin/bash
bash-4.4$ ECHO[K[K[K[Kecho $HOME
/mnt/scratch/FA23_CS131_Ashish/bhavdeepf23

3)
bash-4.4$ id -u
1130
bash-4.4$ id - [KGn
bhavdeepf23 S77



4)
bash-4.4$ mkdir myDir
bash-4.4$ chmod u-w myDir
bash-4.4$ cd myDir/
bash-4.4$ ls
bash-4.4$ ls -l
total 0
bash-4.4$ touch file.txt
touch: cannot touch 'file.txt': Permission denied


5)
bash-4.4$ cd ..
bash-4.4$ mk dir my[K[K[K[K[K[K[K[Kd[Kkdir myDir2
bash-4.4$ mkdirMy[K[K myDir3

6)
bash-4.4$ cd myDir2
bash-4.4$ touch myfile[K[K[K[KFile.txt
bash-4.4$ mv myFile.txt ../myDir3
bash-4.4$ cd ..
bash-4.4$ free -m
              total        used        free      shared  buff/cache   available
Mem:          71367       12469        1202        1271       57695       55128
Swap:          4119        1058        3061


9)
bash-4.4$ cat /etc/os-release
NAME="Red Hat Enterprise Linux"
VERSION="8.6 (Ootpa)"
ID="rhel"
ID_LIKE="fedora"
VERSION_ID="8.6"
PLATFORM_ID="platform:el8"
PRETTY_NAME="Red Hat Enterprise Linux 8.6 (Ootpa)"
ANSI_COLOR="0;31"
CPE_NAME="cpe:/o:redhat:enterprise_linux:8::baseos"
HOME_URL="https://www.redhat.com/"
DOCUMENTATION_URL="https://access.redhat.com/documentation/red_hat_enterprise_linux/8/"
BUG_REPORT_URL="https://bugzilla.redhat.com/"

REDHAT_BUGZILLA_PRODUCT="Red Hat Enterprise Linux 8"
REDHAT_BUGZILLA_PRODUCT_VERSION=8.6
REDHAT_SUPPORT_PRODUCT="Red Hat Enterprise Linux"
REDHAT_SUPPORT_PRODUCT_VERSION="8.6"


10)
bash-4.4$ ls -l /etc/os-relse[K[Kease
lrwxrwxrwx. 1 root root 22 Apr  6  2022 /etc/os-release -> ..//usr/lib/os-release
bash-4.4$ exit
exit

Script done on 2023-09-23 01:24:00-04:00
